// Jest Snapshot v1, https://goo.gl/fbAQLP

exports[`matches the snapshot 1`] = `
<div>
  <div>
    <nav
      class="navbar navbar-expand-sm navbar-dark bg-dark fixed-top"
    >
      <a
        class="navbar-brand"
        href="/"
      >
        XSGD Faucet
        <small
          class="release-text"
        >
          beta
        </small>
      </a>
      <ul
        class="ml-auto nav"
      >
        <span
          class="nav-link"
        >
          <span
            class="network"
          >
            Dev Testnet
          </span>
        </span>
      </ul>
    </nav>
  </div>
</div>
`;

exports[`matches the snapshot 2`] = `
<div>
  <div>
    <nav
      class="navbar navbar-expand-sm navbar-dark bg-dark fixed-top"
    >
      <a
        class="navbar-brand"
        href="/"
      >
        XSGD Faucet
        <small
          class="release-text"
        >
          beta
        </small>
      </a>
      <ul
        class="ml-auto nav"
      >
        <span
          class="nav-link"
        >
          <span
            class="network"
          >
            Dev Testnet
          </span>
        </span>
      </ul>
    </nav>
  </div>
</div>
`;
